Component: ARM Compiler 5.06 update 3 (build 300) Tool: armlink [4d35c9]

==============================================================================

Section Cross References

    startup_stm32l476xx.o(STACK) refers (Special) to heapauxi.o(.text) for __use_two_region_memory
    startup_stm32l476xx.o(HEAP) refers (Special) to heapauxi.o(.text) for __use_two_region_memory
    startup_stm32l476xx.o(RESET) refers (Special) to heapauxi.o(.text) for __use_two_region_memory
    startup_stm32l476xx.o(RESET) refers to startup_stm32l476xx.o(STACK) for __initial_sp
    startup_stm32l476xx.o(RESET) refers to startup_stm32l476xx.o(.text) for Reset_Handler
    startup_stm32l476xx.o(.text) refers (Special) to heapauxi.o(.text) for __use_two_region_memory
    startup_stm32l476xx.o(.text) refers to led.o(mycode) for __main
    startup_stm32l476xx.o(.text) refers to startup_stm32l476xx.o(HEAP) for Heap_Mem
    startup_stm32l476xx.o(.text) refers to startup_stm32l476xx.o(STACK) for Stack_Mem
    led.o(mycode) refers to led.o(mydata) for segt


==============================================================================

Image Symbol Table

    Local Symbols

    Symbol Name                              Value     Ov Type        Size  Object(Section)

    ../clib/heapaux.c                        0x00000000   Number         0  heapauxi.o ABSOLUTE
    dc.s                                     0x00000000   Number         0  dc.o ABSOLUTE
    led.s                                    0x00000000   Number         0  led.o ABSOLUTE
    startup_stm32l476xx.s                    0x00000000   Number         0  startup_stm32l476xx.o ABSOLUTE
    RESET                                    0x08000000   Section      392  startup_stm32l476xx.o(RESET)
    .text                                    0x08000188   Section      132  startup_stm32l476xx.o(.text)
    $v0                                      0x08000188   Number         0  startup_stm32l476xx.o(.text)
    .text                                    0x0800020c   Section        0  heapauxi.o(.text)
    mycode                                   0x08000214   Section      336  led.o(mycode)
    $v0                                      0x08000214   Number         0  led.o(mycode)
    Delay                                    0x08000297   Thumb Code    18  led.o(mycode)
    gpio_init                                0x080002a9   Thumb Code   170  led.o(mycode)
    mydata                                   0x20000000   Section       10  led.o(mydata)
    segt                                     0x20000000   Data          10  led.o(mydata)
    HEAP                                     0x20000010   Section      512  startup_stm32l476xx.o(HEAP)
    Heap_Mem                                 0x20000010   Data         512  startup_stm32l476xx.o(HEAP)
    STACK                                    0x20000210   Section     1024  startup_stm32l476xx.o(STACK)
    Stack_Mem                                0x20000210   Data        1024  startup_stm32l476xx.o(STACK)
    __initial_sp                             0x20000610   Data           0  startup_stm32l476xx.o(STACK)

    Global Symbols

    Symbol Name                              Value     Ov Type        Size  Object(Section)

    BuildAttributes$$THM_ISAv4$E$P$D$K$B$S$7EM$VFPi3$EXTD16$VFPS$VFMA$PE$A:L22UL41UL21$X:L11$S22US41US21$IEEE1$IW$USESV6$~STKCKD$USESV7$~SHL$OSPACE$ROPI$EBA8$STANDARDLIB$REQ8$EABIv2 0x00000000   Number         0  anon$$obj.o ABSOLUTE
    Image$$ER_IROM1$$RW$$Length              0x00000000   Number         0  anon$$obj.o ABSOLUTE
    Image$$ER_IROM1$$ZI$$Length              0x00000000   Number         0  anon$$obj.o ABSOLUTE
    Image$$RW_IRAM1$$RO$$Length              0x00000000   Number         0  anon$$obj.o ABSOLUTE
    Image$$RW_IRAM1$$Length                  0x0000000c   Number         0  anon$$obj.o ABSOLUTE
    Image$$RW_IRAM1$$RW$$Length              0x0000000c   Number         0  anon$$obj.o ABSOLUTE
    __Vectors_Size                           0x00000188   Number         0  startup_stm32l476xx.o ABSOLUTE
    Image$$ER_IROM1$$RO$$Length              0x00000364   Number         0  anon$$obj.o ABSOLUTE
    Image$$RW_IRAM1$$ZI$$Length              0x00000604   Number         0  anon$$obj.o ABSOLUTE
    Image$$ER_IROM1$$RO$$Base                0x08000000   Number         0  anon$$obj.o ABSOLUTE
    Load$$ER_IROM1$$Base                     0x08000000   Number         0  anon$$obj.o ABSOLUTE
    __Vectors                                0x08000000   Data           4  startup_stm32l476xx.o(RESET)
    Reset_Handler                            0x08000189   Thumb Code    60  startup_stm32l476xx.o(.text)
    __Vectors_End                            0x08000188   Data           0  startup_stm32l476xx.o(RESET)
    NMI_Handler                              0x080001c5   Thumb Code     2  startup_stm32l476xx.o(.text)
    HardFault_Handler                        0x080001c7   Thumb Code     2  startup_stm32l476xx.o(.text)
    MemManage_Handler                        0x080001c9   Thumb Code     2  startup_stm32l476xx.o(.text)
    BusFault_Handler                         0x080001cb   Thumb Code     2  startup_stm32l476xx.o(.text)
    UsageFault_Handler                       0x080001cd   Thumb Code     2  startup_stm32l476xx.o(.text)
    SVC_Handler                              0x080001cf   Thumb Code     2  startup_stm32l476xx.o(.text)
    DebugMon_Handler                         0x080001d1   Thumb Code     2  startup_stm32l476xx.o(.text)
    PendSV_Handler                           0x080001d3   Thumb Code     2  startup_stm32l476xx.o(.text)
    SysTick_Handler                          0x080001d5   Thumb Code     2  startup_stm32l476xx.o(.text)
    ADC1_2_IRQHandler                        0x080001d7   Thumb Code     0  startup_stm32l476xx.o(.text)
    ADC3_IRQHandler                          0x080001d7   Thumb Code     0  startup_stm32l476xx.o(.text)
    CAN1_RX0_IRQHandler                      0x080001d7   Thumb Code     0  startup_stm32l476xx.o(.text)
    CAN1_RX1_IRQHandler                      0x080001d7   Thumb Code     0  startup_stm32l476xx.o(.text)
    CAN1_SCE_IRQHandler                      0x080001d7   Thumb Code     0  startup_stm32l476xx.o(.text)
    CAN1_TX_IRQHandler                       0x080001d7   Thumb Code     0  startup_stm32l476xx.o(.text)
    COMP_IRQHandler                          0x080001d7   Thumb Code     0  startup_stm32l476xx.o(.text)
    DFSDM0_IRQHandler                        0x080001d7   Thumb Code     0  startup_stm32l476xx.o(.text)
    DFSDM1_IRQHandler                        0x080001d7   Thumb Code     0  startup_stm32l476xx.o(.text)
    DFSDM2_IRQHandler                        0x080001d7   Thumb Code     0  startup_stm32l476xx.o(.text)
    DFSDM3_IRQHandler                        0x080001d7   Thumb Code     0  startup_stm32l476xx.o(.text)
    DMA1_Channel1_IRQHandler                 0x080001d7   Thumb Code     0  startup_stm32l476xx.o(.text)
    DMA1_Channel2_IRQHandler                 0x080001d7   Thumb Code     0  startup_stm32l476xx.o(.text)
    DMA1_Channel3_IRQHandler                 0x080001d7   Thumb Code     0  startup_stm32l476xx.o(.text)
    DMA1_Channel4_IRQHandler                 0x080001d7   Thumb Code     0  startup_stm32l476xx.o(.text)
    DMA1_Channel5_IRQHandler                 0x080001d7   Thumb Code     0  startup_stm32l476xx.o(.text)
    DMA1_Channel6_IRQHandler                 0x080001d7   Thumb Code     0  startup_stm32l476xx.o(.text)
    DMA1_Channel7_IRQHandler                 0x080001d7   Thumb Code     0  startup_stm32l476xx.o(.text)
    DMA2_Channel1_IRQHandler                 0x080001d7   Thumb Code     0  startup_stm32l476xx.o(.text)
    DMA2_Channel2_IRQHandler                 0x080001d7   Thumb Code     0  startup_stm32l476xx.o(.text)
    DMA2_Channel3_IRQHandler                 0x080001d7   Thumb Code     0  startup_stm32l476xx.o(.text)
    DMA2_Channel4_IRQHandler                 0x080001d7   Thumb Code     0  startup_stm32l476xx.o(.text)
    DMA2_Channel5_IRQHandler                 0x080001d7   Thumb Code     0  startup_stm32l476xx.o(.text)
    DMA2_Channel6_IRQHandler                 0x080001d7   Thumb Code     0  startup_stm32l476xx.o(.text)
    DMA2_Channel7_IRQHandler                 0x080001d7   Thumb Code     0  startup_stm32l476xx.o(.text)
    EXTI0_IRQHandler                         0x080001d7   Thumb Code     0  startup_stm32l476xx.o(.text)
    EXTI15_10_IRQHandler                     0x080001d7   Thumb Code     0  startup_stm32l476xx.o(.text)
    EXTI1_IRQHandler                         0x080001d7   Thumb Code     0  startup_stm32l476xx.o(.text)
    EXTI2_IRQHandler                         0x080001d7   Thumb Code     0  startup_stm32l476xx.o(.text)
    EXTI3_IRQHandler                         0x080001d7   Thumb Code     0  startup_stm32l476xx.o(.text)
    EXTI4_IRQHandler                         0x080001d7   Thumb Code     0  startup_stm32l476xx.o(.text)
    EXTI9_5_IRQHandler                       0x080001d7   Thumb Code     0  startup_stm32l476xx.o(.text)
    FLASH_IRQHandler                         0x080001d7   Thumb Code     0  startup_stm32l476xx.o(.text)
    FMC_IRQHandler                           0x080001d7   Thumb Code     0  startup_stm32l476xx.o(.text)
    FPU_IRQHandler                           0x080001d7   Thumb Code     0  startup_stm32l476xx.o(.text)
    I2C1_ER_IRQHandler                       0x080001d7   Thumb Code     0  startup_stm32l476xx.o(.text)
    I2C1_EV_IRQHandler                       0x080001d7   Thumb Code     0  startup_stm32l476xx.o(.text)
    I2C2_ER_IRQHandler                       0x080001d7   Thumb Code     0  startup_stm32l476xx.o(.text)
    I2C2_EV_IRQHandler                       0x080001d7   Thumb Code     0  startup_stm32l476xx.o(.text)
    I2C3_ER_IRQHandler                       0x080001d7   Thumb Code     0  startup_stm32l476xx.o(.text)
    I2C3_EV_IRQHandler                       0x080001d7   Thumb Code     0  startup_stm32l476xx.o(.text)
    LCD_IRQHandler                           0x080001d7   Thumb Code     0  startup_stm32l476xx.o(.text)
    LPTIM1_IRQHandler                        0x080001d7   Thumb Code     0  startup_stm32l476xx.o(.text)
    LPTIM2_IRQHandler                        0x080001d7   Thumb Code     0  startup_stm32l476xx.o(.text)
    LPUART1_IRQHandler                       0x080001d7   Thumb Code     0  startup_stm32l476xx.o(.text)
    OTG_FS_IRQHandler                        0x080001d7   Thumb Code     0  startup_stm32l476xx.o(.text)
    PVD_PVM_IRQHandler                       0x080001d7   Thumb Code     0  startup_stm32l476xx.o(.text)
    QUADSPI_IRQHandler                       0x080001d7   Thumb Code     0  startup_stm32l476xx.o(.text)
    RCC_IRQHandler                           0x080001d7   Thumb Code     0  startup_stm32l476xx.o(.text)
    RNG_IRQHandler                           0x080001d7   Thumb Code     0  startup_stm32l476xx.o(.text)
    RTC_Alarm_IRQHandler                     0x080001d7   Thumb Code     0  startup_stm32l476xx.o(.text)
    RTC_WKUP_IRQHandler                      0x080001d7   Thumb Code     0  startup_stm32l476xx.o(.text)
    SAI1_IRQHandler                          0x080001d7   Thumb Code     0  startup_stm32l476xx.o(.text)
    SAI2_IRQHandler                          0x080001d7   Thumb Code     0  startup_stm32l476xx.o(.text)
    SDMMC1_IRQHandler                        0x080001d7   Thumb Code     0  startup_stm32l476xx.o(.text)
    SPI1_IRQHandler                          0x080001d7   Thumb Code     0  startup_stm32l476xx.o(.text)
    SPI2_IRQHandler                          0x080001d7   Thumb Code     0  startup_stm32l476xx.o(.text)
    SPI3_IRQHandler                          0x080001d7   Thumb Code     0  startup_stm32l476xx.o(.text)
    SWPMI1_IRQHandler                        0x080001d7   Thumb Code     0  startup_stm32l476xx.o(.text)
    TAMP_STAMP_IRQHandler                    0x080001d7   Thumb Code     0  startup_stm32l476xx.o(.text)
    TIM1_BRK_TIM15_IRQHandler                0x080001d7   Thumb Code     0  startup_stm32l476xx.o(.text)
    TIM1_CC_IRQHandler                       0x080001d7   Thumb Code     0  startup_stm32l476xx.o(.text)
    TIM1_TRG_COM_TIM17_IRQHandler            0x080001d7   Thumb Code     0  startup_stm32l476xx.o(.text)
    TIM1_UP_TIM16_IRQHandler                 0x080001d7   Thumb Code     0  startup_stm32l476xx.o(.text)
    TIM2_IRQHandler                          0x080001d7   Thumb Code     0  startup_stm32l476xx.o(.text)
    TIM3_IRQHandler                          0x080001d7   Thumb Code     0  startup_stm32l476xx.o(.text)
    TIM4_IRQHandler                          0x080001d7   Thumb Code     0  startup_stm32l476xx.o(.text)
    TIM5_IRQHandler                          0x080001d7   Thumb Code     0  startup_stm32l476xx.o(.text)
    TIM6_DAC_IRQHandler                      0x080001d7   Thumb Code     0  startup_stm32l476xx.o(.text)
    TIM7_IRQHandler                          0x080001d7   Thumb Code     0  startup_stm32l476xx.o(.text)
    TIM8_BRK_IRQHandler                      0x080001d7   Thumb Code     0  startup_stm32l476xx.o(.text)
    TIM8_CC_IRQHandler                       0x080001d7   Thumb Code     0  startup_stm32l476xx.o(.text)
    TIM8_TRG_COM_IRQHandler                  0x080001d7   Thumb Code     0  startup_stm32l476xx.o(.text)
    TIM8_UP_IRQHandler                       0x080001d7   Thumb Code     0  startup_stm32l476xx.o(.text)
    TSC_IRQHandler                           0x080001d7   Thumb Code     0  startup_stm32l476xx.o(.text)
    UART4_IRQHandler                         0x080001d7   Thumb Code     0  startup_stm32l476xx.o(.text)
    UART5_IRQHandler                         0x080001d7   Thumb Code     0  startup_stm32l476xx.o(.text)
    USART1_IRQHandler                        0x080001d7   Thumb Code     0  startup_stm32l476xx.o(.text)
    USART2_IRQHandler                        0x080001d7   Thumb Code     0  startup_stm32l476xx.o(.text)
    USART3_IRQHandler                        0x080001d7   Thumb Code     0  startup_stm32l476xx.o(.text)
    WWDG_IRQHandler                          0x080001d7   Thumb Code     0  startup_stm32l476xx.o(.text)
    __user_initial_stackheap                 0x080001d9   Thumb Code     0  startup_stm32l476xx.o(.text)
    __use_two_region_memory                  0x0800020d   Thumb Code     2  heapauxi.o(.text)
    __rt_heap_escrow$2region                 0x0800020f   Thumb Code     2  heapauxi.o(.text)
    __rt_heap_expand$2region                 0x08000211   Thumb Code     2  heapauxi.o(.text)
    __main                                   0x08000215   Thumb Code   130  led.o(mycode)
    Image$$ER_IROM1$$RO$$Limit               0x08000364   Number         0  anon$$obj.o ABSOLUTE
    Image$$ER_IROM1$$RW$$Base                0x08000364   Number         0  anon$$obj.o ABSOLUTE
    Image$$ER_IROM1$$RW$$Limit               0x08000364   Number         0  anon$$obj.o ABSOLUTE
    Image$$ER_IROM1$$ZI$$Base                0x08000364   Number         0  anon$$obj.o ABSOLUTE
    Image$$ER_IROM1$$ZI$$Limit               0x08000364   Number         0  anon$$obj.o ABSOLUTE
    Load$$RW_IRAM1$$Base                     0x08000364   Number         0  anon$$obj.o ABSOLUTE
    Image$$RW_IRAM1$$Base                    0x20000000   Number         0  anon$$obj.o ABSOLUTE
    Image$$RW_IRAM1$$RO$$Base                0x20000000   Number         0  anon$$obj.o ABSOLUTE
    Image$$RW_IRAM1$$RW$$Base                0x20000000   Number         0  anon$$obj.o ABSOLUTE
    Image$$RW_IRAM1$$Limit                   0x2000000c   Number         0  anon$$obj.o ABSOLUTE
    Image$$RW_IRAM1$$RW$$Limit               0x2000000c   Number         0  anon$$obj.o ABSOLUTE
    Image$$RW_IRAM1$$ZI$$Base                0x2000000c   Number         0  anon$$obj.o ABSOLUTE
    Image$$RW_IRAM1$$ZI$$Limit               0x20000610   Number         0  anon$$obj.o ABSOLUTE



==============================================================================

Memory Map of the image

  Image Entry point : 0x08000215

  Load Region LR_IROM1 (Base: 0x08000000, Size: 0x00000370, Max: 0x00100000, ABSOLUTE)

    Execution Region ER_IROM1 (Base: 0x08000000, Size: 0x00000364, Max: 0x00100000, ABSOLUTE)

    Base Addr    Size         Type   Attr      Idx    E Section Name        Object

    0x08000000   0x00000188   Data   RO            3    RESET               startup_stm32l476xx.o
    0x08000188   0x00000084   Code   RO            4    .text               startup_stm32l476xx.o
    0x0800020c   0x00000006   Code   RO           17    .text               c_w.l(heapauxi.o)
    0x08000212   0x00000002   PAD
    0x08000214   0x00000150   Code   RO           11  * mycode              led.o


    Execution Region RW_IRAM1 (Base: 0x20000000, Size: 0x00000610, Max: 0x00018000, ABSOLUTE)

    Base Addr    Size         Type   Attr      Idx    E Section Name        Object

    0x20000000   0x0000000a   Data   RW           10    mydata              led.o
    0x2000000a   0x00000006   PAD
    0x20000010   0x00000200   Zero   RW            2    HEAP                startup_stm32l476xx.o
    0x20000210   0x00000400   Zero   RW            1    STACK               startup_stm32l476xx.o


==============================================================================

Image component sizes


      Code (inc. data)   RO Data    RW Data    ZI Data      Debug   Object Name

       336         18          0         10          0        496   led.o
       132         42        392          0       1536        852   startup_stm32l476xx.o

    ----------------------------------------------------------------------
       468         60        392         12       1540       1348   Object Totals
         0          0          0          0          0          0   (incl. Generated)
         0          0          0          2          4          0   (incl. Padding)

    ----------------------------------------------------------------------

      Code (inc. data)   RO Data    RW Data    ZI Data      Debug   Library Member Name

         6          0          0          0          0        152   heapauxi.o

    ----------------------------------------------------------------------
         8          0          0          0          0        152   Library Totals
         2          0          0          0          0          0   (incl. Padding)

    ----------------------------------------------------------------------

      Code (inc. data)   RO Data    RW Data    ZI Data      Debug   Library Name

         6          0          0          0          0        152   c_w.l

    ----------------------------------------------------------------------
         8          0          0          0          0        152   Library Totals

    ----------------------------------------------------------------------

==============================================================================


      Code (inc. data)   RO Data    RW Data    ZI Data      Debug   

       476         60        392         12       1540       1400   Grand Totals
       476         60        392         12       1540       1400   ELF Image Totals
       476         60        392         12          0          0   ROM Totals

==============================================================================

    Total RO  Size (Code + RO Data)                  868 (   0.85kB)
    Total RW  Size (RW Data + ZI Data)              1552 (   1.52kB)
    Total ROM Size (Code + RO Data + RW Data)        880 (   0.86kB)

==============================================================================

