<html>
<body>
<pre>
<h1>µVision Build Log</h1>
<h2>Tool Versions:</h2>
IDE-Version: µVision V5.21.1.0
Copyright (C) 2016 ARM Ltd and ARM Germany GmbH. All rights reserved.
License Information: Maria Asselanis, VCU, LIC=----
 
Tool Versions:
Toolchain:       MDK-Lite  Version: 5.21a
Toolchain Path:  C:\Keil_v5\ARM\ARMCC\Bin
C Compiler:      Armcc.exe V5.06 update 3 (build 300)
Assembler:       Armasm.exe V5.06 update 3 (build 300)
Linker/Locator:  ArmLink.exe V5.06 update 3 (build 300)
Library Manager: ArmAr.exe V5.06 update 3 (build 300)
Hex Converter:   FromElf.exe V5.06 update 3 (build 300)
CPU DLL:         SARMCM3.DLL V5.21a
Dialog DLL:      DCM.DLL V1.13.8.0
Target DLL:      STLink\ST-LINKIII-KEIL_SWO.dll V2.0.18.0
Dialog DLL:      TCM.DLL V1.14.14.0
 
<h2>Project:</h2>
C:\Users\Maria\Desktop\364 Lab1\project.uvprojx
Project File Date:  08/30/2016

<h2>Output:</h2>
*** Using Compiler 'V5.06 update 3 (build 300)', folder: 'C:\Keil_v5\ARM\ARMCC\Bin'
Rebuild target 'Target 1'
assembling startup_stm32l476xx.s...
compiling main.c...
compiling LED.c...
LED.c(108): warning:  #61-D: integer operation result is out of range
  	
PIOE->MODER &= ~(0x03<<(2*15));  
LED.c(112): warning:  #61-D: integer operation result is out of range
  	
PIOE->OSPEEDR &= ~(0x03<<(2*15));
LED.c(113): warning:  #61-D: integer operation result is out of range
  	
PIOE->OSPEEDR |=   0x03<<(2*15);  // High speed
LED.c(113): warning:  #68-D: integer conversion resulted in a change of sign
  	
PIOE->OSPEEDR |=   0x03<<(2*15);  // High speed
LED.c(119): warning:  #61-D: integer operation result is out of range
  	
PIOE->PUPDR   &= ~(0x03<<(2*15));  // No pull-up, no pull-down
LED.c: 5 warnings, 0 errors
compiling SysTimer.c...
linking...
Program Size: Code=1724 RO-data=424 RW-data=4 ZI-data=1636  
FromELF: creating hex file...
".\Objects\project.axf" - 0 Error(s), 5 Warning(s).

<h2>Software Packages used:</h2>

Package Vendor: ARM
                http://www.keil.com/pack/ARM.CMSIS.5.0.0-Beta4.pack
                ARM::CMSIS:CORE:5.0.0
                CMSIS (Cortex Microcontroller Software Interface Standard)
   * Component: CORE Version: 5.0.0

<h2>Collection of Component include folders:</h2>
  C:\Users\Maria\Desktop\364 Lab1\RTE
  C:\Keil_v5\ARM\PACK\ARM\CMSIS\5.0.0-Beta4\CMSIS\Include
  C:\Keil_v5\ARM\PACK\Keil\STM32L4xx_DFP\1.2.0\Device\Include

<h2>Collection of Component Files used:</h2>

   * Component: ARM::CMSIS:CORE:5.0.0
Build Time Elapsed:  00:00:05
</pre>
</body>
</html>
